// Jest Snapshot v1, https://goo.gl/fbAQLP

exports[`About renders correctly 1`] = `
<DocumentFragment>
  <div
    class="about"
  >
    <img
      alt="laptop logo"
      class="about__logo"
      src="logo.png"
    />
    <h1
      class="about__title"
    >
      Camilla Priest-Stephens
    </h1>
    <h2
      class="about__title"
    >
      Frontend Developer
    </h2>
    <p
      class="about__text"
    >
      I am a graduate of Command Shift bootcamp looking for a role as a Frontend Developer.
    </p>
    <p
      class="about__text"
    >
      I have experience of React, JavaScript, CSS, Jest and React Testing Library and am always open to learning new tech!
    </p>
  </div>
</DocumentFragment>
`;
